// Jest Snapshot v1, https://goo.gl/fbAQLP

exports[`Pruebas en <RealExampleRef/> Debe mostrarse correctamente el componente 1`] = `
<Fragment>
  <h1>
    Real Example Ref
  </h1>
  <hr />
  <button
    className="btn btn-outline-info m-5"
    onClick={[Function]}
  >
    Show / Hide
  </button>
</Fragment>
`;
